[INFO] Scanning for projects...
[INFO] 
[INFO] ------------------------< org.example:hospital >------------------------
[INFO] Building hospital 0.0.1-SNAPSHOT
[INFO]   from pom.xml
[INFO] --------------------------------[ jar ]---------------------------------
[INFO] 
[INFO] >>> spring-boot:3.2.1:run (default-cli) > test-compile @ hospital >>>
[INFO] 
[INFO] --- resources:3.3.1:resources (default-resources) @ hospital ---
[INFO] Copying 2 resources from src\main\resources to target\classes
[INFO] Copying 0 resource from src\main\resources to target\classes
[INFO] 
[INFO] --- compiler:3.11.0:compile (default-compile) @ hospital ---
[INFO] Nothing to compile - all classes are up to date
[INFO] 
[INFO] --- resources:3.3.1:testResources (default-testResources) @ hospital ---
[INFO] skip non existing resourceDirectory C:\Users\weizheng\Desktop\hospital-shift-scheduling-main\src\test\resources
[INFO] 
[INFO] --- compiler:3.11.0:testCompile (default-testCompile) @ hospital ---
[INFO] No sources to compile
[INFO] 
[INFO] <<< spring-boot:3.2.1:run (default-cli) < test-compile @ hospital <<<
[INFO] 
[INFO] 
[INFO] --- spring-boot:3.2.1:run (default-cli) @ hospital ---
[INFO] Attaching agents: []

  .   ____          _            __ _ _
 /\\ / ___'_ __ _ _(_)_ __  __ _ \ \ \ \
( ( )\___ | '_ | '_| | '_ \/ _` | \ \ \ \
 \\/  ___)| |_)| | | | | || (_| |  ) ) ) )
  '  |____| .__|_| |_|_| |_\__, | / / / /
 =========|_|==============|___/=/_/_/_/
 :: Spring Boot ::                (v3.2.1)

2026-07-31T17:02:18.803+08:00  INFO 20980 --- [           main] org.example.Main                         : Starting Main using Java 17.0.12 with PID 20980 (C:\Users\weizheng\Desktop\hospital-shift-scheduling-main\target\classes started by weizheng in C:\Users\weizheng\Desktop\hospital-shift-scheduling-main)
2026-07-31T17:02:18.804+08:00  INFO 20980 --- [           main] org.example.Main                         : No active profile set, falling back to 1 default profile: "default"
2026-07-31T17:02:19.227+08:00  INFO 20980 --- [           main] .s.d.r.c.RepositoryConfigurationDelegate : Bootstrapping Spring Data JPA repositories in DEFAULT mode.
2026-07-31T17:02:19.262+08:00  INFO 20980 --- [           main] .s.d.r.c.RepositoryConfigurationDelegate : Finished Spring Data repository scanning in 30 ms. Found 7 JPA repository interfaces.
2026-07-31T17:02:19.671+08:00  INFO 20980 --- [           main] o.s.b.w.embedded.tomcat.TomcatWebServer  : Tomcat initialized with port 9090 (http)
2026-07-31T17:02:19.677+08:00  INFO 20980 --- [           main] o.apache.catalina.core.StandardService   : Starting service [Tomcat]
2026-07-31T17:02:19.677+08:00  INFO 20980 --- [           main] o.apache.catalina.core.StandardEngine    : Starting Servlet engine: [Apache Tomcat/10.1.17]
2026-07-31T17:02:19.707+08:00  INFO 20980 --- [           main] o.a.c.c.C.[Tomcat].[localhost].[/]       : Initializing Spring embedded WebApplicationContext
2026-07-31T17:02:19.708+08:00  INFO 20980 --- [           main] w.s.c.ServletWebServerApplicationContext : Root WebApplicationContext: initialization completed in 882 ms
2026-07-31T17:02:19.858+08:00  INFO 20980 --- [           main] o.hibernate.jpa.internal.util.LogHelper  : HHH000204: Processing PersistenceUnitInfo [name: default]
2026-07-31T17:02:19.889+08:00  INFO 20980 --- [           main] org.hibernate.Version                    : HHH000412: Hibernate ORM core version 6.4.1.Final
2026-07-31T17:02:19.902+08:00  INFO 20980 --- [           main] o.h.c.internal.RegionFactoryInitiator    : HHH000026: Second-level cache disabled
2026-07-31T17:02:20.004+08:00  INFO 20980 --- [           main] o.s.o.j.p.SpringPersistenceUnitInfo      : No LoadTimeWeaver setup: ignoring JPA class transformer
2026-07-31T17:02:20.017+08:00  INFO 20980 --- [           main] com.zaxxer.hikari.HikariDataSource       : HikariPool-1 - Starting...
2026-07-31T17:02:20.186+08:00  INFO 20980 --- [           main] com.zaxxer.hikari.pool.HikariPool        : HikariPool-1 - Added connection org.sqlite.jdbc4.JDBC4Connection@2833c093
2026-07-31T17:02:20.187+08:00  INFO 20980 --- [           main] com.zaxxer.hikari.HikariDataSource       : HikariPool-1 - Start completed.
2026-07-31T17:02:20.661+08:00  INFO 20980 --- [           main] o.h.e.t.j.p.i.JtaPlatformInitiator       : HHH000489: No JTA platform available (set 'hibernate.transaction.jta.platform' to enable JTA platform integration)
2026-07-31T17:02:20.682+08:00  INFO 20980 --- [           main] j.LocalContainerEntityManagerFactoryBean : Initialized JPA EntityManagerFactory for persistence unit 'default'
2026-07-31T17:02:20.907+08:00  INFO 20980 --- [           main] o.s.d.j.r.query.QueryEnhancerFactory     : Hibernate is in classpath; If applicable, HQL parser will be used.
2026-07-31T17:02:21.280+08:00  INFO 20980 --- [           main] o.e.hospital.service.CozeAgentService    : [COZE_CONFIG] apiUrl=http://localhost:8000/api/coze/chat, apiKeyPresent=false, workflowIdPresent=false, workflowId=
2026-07-31T17:02:21.611+08:00  INFO 20980 --- [           main] o.s.b.a.e.web.EndpointLinksResolver      : Exposing 1 endpoint(s) beneath base path '/actuator'
2026-07-31T17:02:21.651+08:00  INFO 20980 --- [           main] o.s.s.web.DefaultSecurityFilterChain     : Will secure any request with [org.springframework.security.web.session.DisableEncodeUrlFilter@c21c296, org.springframework.security.web.context.request.async.WebAsyncManagerIntegrationFilter@13ecedf6, org.springframework.security.web.context.SecurityContextHolderFilter@2105c11b, org.springframework.security.web.header.HeaderWriterFilter@75acb326, org.springframework.web.filter.CorsFilter@435d74ba, org.springframework.security.web.authentication.logout.LogoutFilter@1761383f, org.example.hospital.security.JwtAuthenticationFilter@1b62ad1e, org.springframework.security.web.savedrequest.RequestCacheAwareFilter@45070db0, org.springframework.security.web.servletapi.SecurityContextHolderAwareRequestFilter@14d9d042, org.springframework.security.web.authentication.AnonymousAuthenticationFilter@252bc7ec, org.springframework.security.web.session.SessionManagementFilter@5afd2f4e, org.springframework.security.web.access.ExceptionTranslationFilter@ddb59b6, org.springframework.security.web.access.intercept.AuthorizationFilter@10cae98c]
2026-07-31T17:02:21.885+08:00  INFO 20980 --- [           main] o.s.b.w.embedded.tomcat.TomcatWebServer  : Tomcat started on port 9090 (http) with context path ''
2026-07-31T17:02:21.886+08:00  INFO 20980 --- [           main] o.s.m.s.b.SimpleBrokerMessageHandler     : Starting...
2026-07-31T17:02:21.886+08:00  INFO 20980 --- [           main] o.s.m.s.b.SimpleBrokerMessageHandler     : BrokerAvailabilityEvent[available=true, SimpleBrokerMessageHandler [org.springframework.messaging.simp.broker.DefaultSubscriptionRegistry@6e9e4332]]
2026-07-31T17:02:21.886+08:00  INFO 20980 --- [           main] o.s.m.s.b.SimpleBrokerMessageHandler     : Started.
2026-07-31T17:02:21.895+08:00  INFO 20980 --- [           main] org.example.Main                         : Started Main in 3.277 seconds (process running for 3.437)
2026-07-31T17:02:21.990+08:00  INFO 20980 --- [           main] o.e.hospital.config.DataInitializer      : [DEMO_INIT] month=2026-07, range=[2026-07-01T00:00 ~ 2026-07-31T23:59:59]
2026-07-31T17:02:21.990+08:00  INFO 20980 --- [           main] o.e.hospital.config.DataInitializer      : [DEMO_INIT] departments(resp=1, cardio=2, surgery=3, emergency=4)
2026-07-31T17:02:22.000+08:00  INFO 20980 --- [           main] o.e.hospital.config.DataInitializer      : [DEMO_INIT] existing month shifts count=8
2026-07-31T17:02:22.000+08:00  INFO 20980 --- [           main] o.e.hospital.config.DataInitializer      : [DEMO_INIT] skip shift seeding because month already has data
2026-07-31T17:02:22.002+08:00  INFO 20980 --- [           main] o.e.hospital.config.DataInitializer      : [DEMO_INIT] existing month calendar entries count=4
2026-07-31T17:02:22.002+08:00  INFO 20980 --- [           main] o.e.hospital.config.DataInitializer      : [DEMO_INIT] skip calendar seeding because month already has data
2026-07-31T17:02:47.109+08:00  INFO 20980 --- [nio-9090-exec-1] o.a.c.c.C.[Tomcat].[localhost].[/]       : Initializing Spring DispatcherServlet 'dispatcherServlet'
2026-07-31T17:02:47.109+08:00  INFO 20980 --- [nio-9090-exec-1] o.s.web.servlet.DispatcherServlet        : Initializing Servlet 'dispatcherServlet'
2026-07-31T17:02:47.110+08:00  INFO 20980 --- [nio-9090-exec-1] o.s.web.servlet.DispatcherServlet        : Completed initialization in 1 ms
2026-07-31T17:03:21.868+08:00  INFO 20980 --- [MessageBroker-1] o.s.w.s.c.WebSocketMessageBrokerStats    : WebSocketSession[0 current WS(0)-HttpStream(0)-HttpPoll(0), 0 total, 0 closed abnormally (0 connect failure, 0 send limit, 0 transport error)], stompSubProtocol[processed CONNECT(0)-CONNECTED(0)-DISCONNECT(0)], stompBrokerRelay[null], inboundChannel[pool size = 0, active threads = 0, queued tasks = 0, completed tasks = 0], outboundChannel[pool size = 0, active threads = 0, queued tasks = 0, completed tasks = 0], sockJsScheduler[pool size = 3, active threads = 1, queued tasks = 2, completed tasks = 0]
2026-07-31T17:03:33.758+08:00  INFO 20980 --- [io-9090-exec-10] o.e.hospital.service.CozeAgentService    : chat() called with request: org.example.hospital.dto.CozeRequest@4e0d40c5
2026-07-31T17:03:33.758+08:00  INFO 20980 --- [io-9090-exec-10] o.e.hospital.service.CozeAgentService    : Normalized input: 'help'
2026-07-31T17:03:33.758+08:00  INFO 20980 --- [io-9090-exec-10] o.e.hospital.service.CozeAgentService    : Calling callCozeWorkflow...
2026-07-31T17:03:33.758+08:00  INFO 20980 --- [io-9090-exec-10] o.e.hospital.service.CozeAgentService    : 调用 Coze 工作流，输入：help
2026-07-31T17:03:33.758+08:00  INFO 20980 --- [io-9090-exec-10] o.e.hospital.service.CozeAgentService    : 使用本地演示模式处理输入
2026-07-31T17:03:33.758+08:00  INFO 20980 --- [io-9090-exec-10] o.e.hospital.service.CozeAgentService    : 演示模式处理输入：help
2026-07-31T17:03:33.768+08:00  INFO 20980 --- [io-9090-exec-10] o.e.hospital.service.CozeAgentService    : 演示响应：? 我是医院排班智能助手，当前系统数据：

? 系统状态
  - 科室数量：5 个
  - 员工数量：6 人
  - 班次数量：9 个

? 支持的指令
  1. 部门表 / 科室列表 - 查看所有科室
  2. 员工表 - 查看所有员工
  3. 排班表 - 查看所有班次
  4. 添加部门：XXX - 创建新科室
  5. 校验排班 - 检查班次冲突
  6. 统计 - 查看系统概览

? 直接输入自然语言即可，我会自动识别并执行操作。
2026-07-31T17:03:33.781+08:00  INFO 20980 --- [io-9090-exec-10] o.e.hospital.service.CozeAgentService    : Coze 调用成功，回复长度：226
2026-07-31T17:04:31.582+08:00  INFO 20980 --- [nio-9090-exec-8] o.e.hospital.service.CozeAgentService    : chat() called with request: org.example.hospital.dto.CozeRequest@4b882a2c
2026-07-31T17:04:31.582+08:00  INFO 20980 --- [nio-9090-exec-8] o.e.hospital.service.CozeAgentService    : Normalized input: 'help'
2026-07-31T17:04:31.582+08:00  INFO 20980 --- [nio-9090-exec-8] o.e.hospital.service.CozeAgentService    : Calling callCozeWorkflow...
2026-07-31T17:04:31.582+08:00  INFO 20980 --- [nio-9090-exec-8] o.e.hospital.service.CozeAgentService    : 调用 Coze 工作流，输入：help
2026-07-31T17:04:31.582+08:00  INFO 20980 --- [nio-9090-exec-8] o.e.hospital.service.CozeAgentService    : 使用本地演示模式处理输入
2026-07-31T17:04:31.582+08:00  INFO 20980 --- [nio-9090-exec-8] o.e.hospital.service.CozeAgentService    : 演示模式处理输入：help
2026-07-31T17:04:31.584+08:00  INFO 20980 --- [nio-9090-exec-8] o.e.hospital.service.CozeAgentService    : 演示响应：? 我是医院排班智能助手，当前系统数据：

? 系统状态
  - 科室数量：5 个
  - 员工数量：6 人
  - 班次数量：9 个

? 支持的指令
  1. 部门表 / 科室列表 - 查看所有科室
  2. 员工表 - 查看所有员工
  3. 排班表 - 查看所有班次
  4. 添加部门：XXX - 创建新科室
  5. 校验排班 - 检查班次冲突
  6. 统计 - 查看系统概览

? 直接输入自然语言即可，我会自动识别并执行操作。
2026-07-31T17:04:31.588+08:00  INFO 20980 --- [nio-9090-exec-8] o.e.hospital.service.CozeAgentService    : Coze 调用成功，回复长度：226
2026-07-31T17:04:50.471+08:00  INFO 20980 --- [io-9090-exec-10] o.e.hospital.service.CozeAgentService    : chat() called with request: org.example.hospital.dto.CozeRequest@122aa0fe
2026-07-31T17:04:50.471+08:00  INFO 20980 --- [io-9090-exec-10] o.e.hospital.service.CozeAgentService    : Normalized input: '???'
2026-07-31T17:04:50.471+08:00  INFO 20980 --- [io-9090-exec-10] o.e.hospital.service.CozeAgentService    : Calling callCozeWorkflow...
2026-07-31T17:04:50.471+08:00  INFO 20980 --- [io-9090-exec-10] o.e.hospital.service.CozeAgentService    : 调用 Coze 工作流，输入：???
2026-07-31T17:04:50.472+08:00  INFO 20980 --- [io-9090-exec-10] o.e.hospital.service.CozeAgentService    : 使用本地演示模式处理输入
2026-07-31T17:04:50.472+08:00  INFO 20980 --- [io-9090-exec-10] o.e.hospital.service.CozeAgentService    : 演示模式处理输入：???
2026-07-31T17:04:50.472+08:00  INFO 20980 --- [io-9090-exec-10] o.e.hospital.service.CozeAgentService    : 演示响应： 已收到您的消息："???"

我是医院排班智能助手，目前处于本地演示模式，可以直接操作数据库。

您可以尝试以下指令：
? 部门表 - 查看所有科室
? 员工表 - 查看所有员工
? 排班表 - 查看所有班次
? 添加部门：神经外科 - 创建新科室
? 校验排班 - 检查班次冲突
? 统计 - 查看系统概览

如需接入真实 Coze AI，请配置 COZE_API_KEY 和 COZE_WORKFLOW_ID
2026-07-31T17:04:50.475+08:00  INFO 20980 --- [io-9090-exec-10] o.e.hospital.service.CozeAgentService    : Coze 调用成功，回复长度：207
2026-07-31T17:04:50.492+08:00  INFO 20980 --- [nio-9090-exec-1] o.e.hospital.service.CozeAgentService    : chat() called with request: org.example.hospital.dto.CozeRequest@8b65437
2026-07-31T17:04:50.492+08:00  INFO 20980 --- [nio-9090-exec-1] o.e.hospital.service.CozeAgentService    : Normalized input: '???'
2026-07-31T17:04:50.492+08:00  INFO 20980 --- [nio-9090-exec-1] o.e.hospital.service.CozeAgentService    : Calling callCozeWorkflow...
2026-07-31T17:04:50.492+08:00  INFO 20980 --- [nio-9090-exec-1] o.e.hospital.service.CozeAgentService    : 调用 Coze 工作流，输入：???
2026-07-31T17:04:50.492+08:00  INFO 20980 --- [nio-9090-exec-1] o.e.hospital.service.CozeAgentService    : 使用本地演示模式处理输入
2026-07-31T17:04:50.492+08:00  INFO 20980 --- [nio-9090-exec-1] o.e.hospital.service.CozeAgentService    : 演示模式处理输入：???
2026-07-31T17:04:50.492+08:00  INFO 20980 --- [nio-9090-exec-1] o.e.hospital.service.CozeAgentService    : 演示响应： 已收到您的消息："???"

我是医院排班智能助手，目前处于本地演示模式，可以直接操作数据库。

您可以尝试以下指令：
? 部门表 - 查看所有科室
? 员工表 - 查看所有员工
? 排班表 - 查看所有班次
? 添加部门：神经外科 - 创建新科室
? 校验排班 - 检查班次冲突
? 统计 - 查看系统概览

如需接入真实 Coze AI，请配置 COZE_API_KEY 和 COZE_WORKFLOW_ID
2026-07-31T17:04:50.494+08:00  INFO 20980 --- [nio-9090-exec-1] o.e.hospital.service.CozeAgentService    : Coze 调用成功，回复长度：207
2026-07-31T17:04:50.500+08:00  INFO 20980 --- [nio-9090-exec-4] o.e.hospital.service.CozeAgentService    : chat() called with request: org.example.hospital.dto.CozeRequest@72216aa5
2026-07-31T17:04:50.500+08:00  INFO 20980 --- [nio-9090-exec-4] o.e.hospital.service.CozeAgentService    : Normalized input: '???'
2026-07-31T17:04:50.500+08:00  INFO 20980 --- [nio-9090-exec-4] o.e.hospital.service.CozeAgentService    : Calling callCozeWorkflow...
2026-07-31T17:04:50.500+08:00  INFO 20980 --- [nio-9090-exec-4] o.e.hospital.service.CozeAgentService    : 调用 Coze 工作流，输入：???
2026-07-31T17:04:50.500+08:00  INFO 20980 --- [nio-9090-exec-4] o.e.hospital.service.CozeAgentService    : 使用本地演示模式处理输入
2026-07-31T17:04:50.500+08:00  INFO 20980 --- [nio-9090-exec-4] o.e.hospital.service.CozeAgentService    : 演示模式处理输入：???
2026-07-31T17:04:50.500+08:00  INFO 20980 --- [nio-9090-exec-4] o.e.hospital.service.CozeAgentService    : 演示响应： 已收到您的消息："???"

我是医院排班智能助手，目前处于本地演示模式，可以直接操作数据库。

您可以尝试以下指令：
? 部门表 - 查看所有科室
? 员工表 - 查看所有员工
? 排班表 - 查看所有班次
? 添加部门：神经外科 - 创建新科室
? 校验排班 - 检查班次冲突
? 统计 - 查看系统概览

如需接入真实 Coze AI，请配置 COZE_API_KEY 和 COZE_WORKFLOW_ID
2026-07-31T17:04:50.503+08:00  INFO 20980 --- [nio-9090-exec-4] o.e.hospital.service.CozeAgentService    : Coze 调用成功，回复长度：207
2026-07-31T17:04:50.509+08:00  INFO 20980 --- [nio-9090-exec-5] o.e.hospital.service.CozeAgentService    : chat() called with request: org.example.hospital.dto.CozeRequest@1661d56a
2026-07-31T17:04:50.509+08:00  INFO 20980 --- [nio-9090-exec-5] o.e.hospital.service.CozeAgentService    : Normalized input: '????'
2026-07-31T17:04:50.509+08:00  INFO 20980 --- [nio-9090-exec-5] o.e.hospital.service.CozeAgentService    : Calling callCozeWorkflow...
2026-07-31T17:04:50.509+08:00  INFO 20980 --- [nio-9090-exec-5] o.e.hospital.service.CozeAgentService    : 调用 Coze 工作流，输入：????
2026-07-31T17:04:50.509+08:00  INFO 20980 --- [nio-9090-exec-5] o.e.hospital.service.CozeAgentService    : 使用本地演示模式处理输入
2026-07-31T17:04:50.509+08:00  INFO 20980 --- [nio-9090-exec-5] o.e.hospital.service.CozeAgentService    : 演示模式处理输入：????
2026-07-31T17:04:50.509+08:00  INFO 20980 --- [nio-9090-exec-5] o.e.hospital.service.CozeAgentService    : 演示响应： 已收到您的消息："????"

我是医院排班智能助手，目前处于本地演示模式，可以直接操作数据库。

您可以尝试以下指令：
? 部门表 - 查看所有科室
? 员工表 - 查看所有员工
? 排班表 - 查看所有班次
? 添加部门：神经外科 - 创建新科室
? 校验排班 - 检查班次冲突
? 统计 - 查看系统概览

如需接入真实 Coze AI，请配置 COZE_API_KEY 和 COZE_WORKFLOW_ID
2026-07-31T17:04:50.512+08:00  INFO 20980 --- [nio-9090-exec-5] o.e.hospital.service.CozeAgentService    : Coze 调用成功，回复长度：208
2026-07-31T17:04:50.517+08:00  INFO 20980 --- [nio-9090-exec-2] o.e.hospital.service.CozeAgentService    : chat() called with request: org.example.hospital.dto.CozeRequest@6aad699f
2026-07-31T17:04:50.517+08:00  INFO 20980 --- [nio-9090-exec-2] o.e.hospital.service.CozeAgentService    : Normalized input: '??'
2026-07-31T17:04:50.517+08:00  INFO 20980 --- [nio-9090-exec-2] o.e.hospital.service.CozeAgentService    : Calling callCozeWorkflow...
2026-07-31T17:04:50.517+08:00  INFO 20980 --- [nio-9090-exec-2] o.e.hospital.service.CozeAgentService    : 调用 Coze 工作流，输入：??
2026-07-31T17:04:50.517+08:00  INFO 20980 --- [nio-9090-exec-2] o.e.hospital.service.CozeAgentService    : 使用本地演示模式处理输入
2026-07-31T17:04:50.517+08:00  INFO 20980 --- [nio-9090-exec-2] o.e.hospital.service.CozeAgentService    : 演示模式处理输入：??
2026-07-31T17:04:50.517+08:00  INFO 20980 --- [nio-9090-exec-2] o.e.hospital.service.CozeAgentService    : 演示响应： 已收到您的消息："??"

我是医院排班智能助手，目前处于本地演示模式，可以直接操作数据库。

您可以尝试以下指令：
? 部门表 - 查看所有科室
? 员工表 - 查看所有员工
? 排班表 - 查看所有班次
? 添加部门：神经外科 - 创建新科室
? 校验排班 - 检查班次冲突
? 统计 - 查看系统概览

如需接入真实 Coze AI，请配置 COZE_API_KEY 和 COZE_WORKFLOW_ID
2026-07-31T17:04:50.520+08:00  INFO 20980 --- [nio-9090-exec-2] o.e.hospital.service.CozeAgentService    : Coze 调用成功，回复长度：206
